0 verbose cli /opt/homebrew/Cellar/node/24.7.0/bin/node /opt/homebrew/bin/npm
1 info using npm@11.5.1
2 info using node@v24.7.0
3 silly config load:file:/opt/homebrew/lib/node_modules/npm/npmrc
4 silly config load:file:/Users/jacobmohomutsi/code-projects/pomf/.npmrc
5 silly config load:file:/Users/jacobmohomutsi/.npmrc
6 silly config load:file:/opt/homebrew/etc/npmrc
7 verbose title npm install
8 verbose argv "install" "--cache" "./npm-cache" "--legacy-peer-deps"
9 verbose logfile logs-max:10 dir:/Users/jacobmohomutsi/code-projects/pomf/npm-cache/_logs/2026-02-03T20_08_40_644Z-
10 verbose logfile /Users/jacobmohomutsi/code-projects/pomf/npm-cache/_logs/2026-02-03T20_08_40_644Z-debug-0.log
11 silly logfile done cleaning log files
12 silly packumentCache heap:4496293888 maxSize:1124073472 maxEntrySize:562036736
13 silly idealTree buildDeps
14 silly reify moves {}
15 verbose reify failed optional dependency /Users/jacobmohomutsi/code-projects/pomf/node_modules/@tailwindcss/oxide-wasm32-wasi
16 silly reify mark deleted [
16 silly reify   '/Users/jacobmohomutsi/code-projects/pomf/node_modules/@tailwindcss/oxide-wasm32-wasi'
16 silly reify ]
17 silly audit bulk request {
17 silly audit   '@babel/code-frame': [ '7.29.0' ],
17 silly audit   '@babel/compat-data': [ '7.29.0' ],
17 silly audit   '@babel/core': [ '7.29.0' ],
17 silly audit   '@babel/generator': [ '7.29.0' ],
17 silly audit   '@babel/helper-compilation-targets': [ '7.28.6' ],
17 silly audit   '@babel/helper-globals': [ '7.28.0' ],
17 silly audit   '@babel/helper-module-imports': [ '7.28.6' ],
17 silly audit   '@babel/helper-module-transforms': [ '7.28.6' ],
17 silly audit   '@babel/helper-plugin-utils': [ '7.28.6' ],
17 silly audit   '@babel/helper-string-parser': [ '7.27.1' ],
17 silly audit   '@babel/helper-validator-identifier': [ '7.28.5' ],
17 silly audit   '@babel/helper-validator-option': [ '7.27.1' ],
17 silly audit   '@babel/helpers': [ '7.28.6' ],
17 silly audit   '@babel/parser': [ '7.29.0' ],
17 silly audit   '@babel/plugin-transform-react-jsx-self': [ '7.27.1' ],
17 silly audit   '@babel/plugin-transform-react-jsx-source': [ '7.27.1' ],
17 silly audit   '@babel/runtime': [ '7.28.6' ],
17 silly audit   '@babel/template': [ '7.28.6' ],
17 silly audit   '@babel/traverse': [ '7.29.0' ],
17 silly audit   '@babel/types': [ '7.29.0' ],
17 silly audit   '@builder.io/jsx-loc-internals': [ '0.0.1' ],
17 silly audit   '@builder.io/vite-plugin-jsx-loc': [ '0.1.1' ],
17 silly audit   '@date-fns/tz': [ '1.4.1' ],
17 silly audit   '@esbuild/android-arm': [ '0.27.2', '0.21.5' ],
17 silly audit   '@esbuild/android-arm64': [ '0.27.2', '0.21.5' ],
17 silly audit   '@esbuild/android-x64': [ '0.27.2', '0.21.5' ],
17 silly audit   '@esbuild/darwin-arm64': [ '0.27.2', '0.21.5' ],
17 silly audit   '@esbuild/darwin-x64': [ '0.27.2', '0.21.5' ],
17 silly audit   '@esbuild/freebsd-arm64': [ '0.27.2', '0.21.5' ],
17 silly audit   '@esbuild/freebsd-x64': [ '0.27.2', '0.21.5' ],
17 silly audit   '@esbuild/linux-arm': [ '0.27.2', '0.21.5' ],
17 silly audit   '@esbuild/linux-arm64': [ '0.27.2', '0.21.5' ],
17 silly audit   '@esbuild/linux-ia32': [ '0.27.2', '0.21.5' ],
17 silly audit   '@esbuild/linux-loong64': [ '0.27.2', '0.21.5' ],
17 silly audit   '@esbuild/linux-mips64el': [ '0.27.2', '0.21.5' ],
17 silly audit   '@esbuild/linux-ppc64': [ '0.27.2', '0.21.5' ],
17 silly audit   '@esbuild/linux-riscv64': [ '0.27.2', '0.21.5' ],
17 silly audit   '@esbuild/linux-s390x': [ '0.27.2', '0.21.5' ],
17 silly audit   '@esbuild/linux-x64': [ '0.27.2', '0.21.5' ],
17 silly audit   '@esbuild/netbsd-x64': [ '0.27.2', '0.21.5' ],
17 silly audit   '@esbuild/openbsd-x64': [ '0.27.2', '0.21.5' ],
17 silly audit   '@esbuild/sunos-x64': [ '0.27.2', '0.21.5' ],
17 silly audit   '@esbuild/win32-arm64': [ '0.27.2', '0.21.5' ],
17 silly audit   '@esbuild/win32-ia32': [ '0.27.2', '0.21.5' ],
17 silly audit   '@esbuild/win32-x64': [ '0.27.2', '0.21.5' ],
17 silly audit   esbuild: [ '0.27.2', '0.21.5' ],
17 silly audit   '@esbuild/aix-ppc64': [ '0.27.2', '0.21.5' ],
17 silly audit   '@esbuild/netbsd-arm64': [ '0.27.2' ],
17 silly audit   '@esbuild/openbsd-arm64': [ '0.27.2' ],
17 silly audit   '@esbuild/openharmony-arm64': [ '0.27.2' ],
17 silly audit   '@floating-ui/core': [ '1.7.4' ],
17 silly audit   '@floating-ui/dom': [ '1.7.5' ],
17 silly audit   '@floating-ui/react-dom': [ '2.1.7' ],
17 silly audit   '@floating-ui/utils': [ '0.2.10' ],
17 silly audit   '@hookform/resolvers': [ '5.2.2' ],
17 silly audit   '@jridgewell/gen-mapping': [ '0.3.13' ],
17 silly audit   '@jridgewell/remapping': [ '2.3.5' ],
17 silly audit   '@jridgewell/resolve-uri': [ '3.1.2' ],
17 silly audit   '@jridgewell/sourcemap-codec': [ '1.5.5' ],
17 silly audit   '@jridgewell/trace-mapping': [ '0.3.31' ],
17 silly audit   '@medv/finder': [ '4.0.2' ],
17 silly audit   '@radix-ui/number': [ '1.1.1' ],
17 silly audit   '@radix-ui/primitive': [ '1.1.3' ],
17 silly audit   '@radix-ui/react-accordion': [ '1.2.12' ],
17 silly audit   '@radix-ui/react-alert-dialog': [ '1.1.15' ],
17 silly audit   '@radix-ui/react-slot': [ '1.2.3', '1.2.4' ],
17 silly audit   '@radix-ui/react-arrow': [ '1.1.7' ],
17 silly audit   '@radix-ui/react-aspect-ratio': [ '1.1.8' ],
17 silly audit   '@radix-ui/react-primitive': [ '2.1.4', '2.1.3' ],
17 silly audit   '@radix-ui/react-avatar': [ '1.1.11' ],
17 silly audit   '@radix-ui/react-context': [ '1.1.3', '1.1.2' ],
17 silly audit   '@radix-ui/react-checkbox': [ '1.3.3' ],
17 silly audit   '@radix-ui/react-collapsible': [ '1.1.12' ],
17 silly audit   '@radix-ui/react-collection': [ '1.1.7' ],
17 silly audit   '@radix-ui/react-compose-refs': [ '1.1.2' ],
17 silly audit   '@radix-ui/react-context-menu': [ '2.2.16' ],
17 silly audit   '@radix-ui/react-dialog': [ '1.1.15' ],
17 silly audit   '@radix-ui/react-direction': [ '1.1.1' ],
17 silly audit   '@radix-ui/react-dismissable-layer': [ '1.1.11' ],
17 silly audit   '@radix-ui/react-dropdown-menu': [ '2.1.16' ],
17 silly audit   '@radix-ui/react-focus-guards': [ '1.1.3' ],
17 silly audit   '@radix-ui/react-focus-scope': [ '1.1.7' ],
17 silly audit   '@radix-ui/react-hover-card': [ '1.1.15' ],
17 silly audit   '@radix-ui/react-id': [ '1.1.1' ],
17 silly audit   '@radix-ui/react-label': [ '2.1.8' ],
17 silly audit   '@radix-ui/react-menu': [ '2.1.16' ],
17 silly audit   '@radix-ui/react-menubar': [ '1.1.16' ],
17 silly audit   '@radix-ui/react-navigation-menu': [ '1.2.14' ],
17 silly audit   '@radix-ui/react-popover': [ '1.1.15' ],
17 silly audit   '@radix-ui/react-popper': [ '1.2.8' ],
17 silly audit   '@radix-ui/react-portal': [ '1.1.9' ],
17 silly audit   '@radix-ui/react-presence': [ '1.1.5' ],
17 silly audit   '@radix-ui/react-progress': [ '1.1.8' ],
17 silly audit   '@radix-ui/react-radio-group': [ '1.3.8' ],
17 silly audit   '@radix-ui/react-roving-focus': [ '1.1.11' ],
17 silly audit   '@radix-ui/react-scroll-area': [ '1.2.10' ],
17 silly audit   '@radix-ui/react-select': [ '2.2.6' ],
17 silly audit   '@radix-ui/react-separator': [ '1.1.8' ],
17 silly audit   '@radix-ui/react-slider': [ '1.3.6' ],
17 silly audit   '@radix-ui/react-switch': [ '1.2.6' ],
17 silly audit   '@radix-ui/react-tabs': [ '1.1.13' ],
17 silly audit   '@radix-ui/react-toggle': [ '1.1.10' ],
17 silly audit   '@radix-ui/react-toggle-group': [ '1.1.11' ],
17 silly audit   '@radix-ui/react-tooltip': [ '1.2.8' ],
17 silly audit   '@radix-ui/react-use-callback-ref': [ '1.1.1' ],
17 silly audit   '@radix-ui/react-use-controllable-state': [ '1.2.2' ],
17 silly audit   '@radix-ui/react-use-effect-event': [ '0.0.2' ],
17 silly audit   '@radix-ui/react-use-escape-keydown': [ '1.1.1' ],
17 silly audit   '@radix-ui/react-use-is-hydrated': [ '0.1.0' ],
17 silly audit   '@radix-ui/react-use-layout-effect': [ '1.1.1' ],
17 silly audit   '@radix-ui/react-use-previous': [ '1.1.1' ],
17 silly audit   '@radix-ui/react-use-rect': [ '1.1.1' ],
17 silly audit   '@radix-ui/react-use-size': [ '1.1.1' ],
17 silly audit   '@radix-ui/react-visually-hidden': [ '1.2.3' ],
17 silly audit   '@radix-ui/rect': [ '1.1.1' ],
17 silly audit   '@rolldown/pluginutils': [ '1.0.0-rc.2' ],
17 silly audit   '@rollup/rollup-android-arm-eabi': [ '4.57.1' ],
17 silly audit   '@rollup/rollup-android-arm64': [ '4.57.1' ],
17 silly audit   '@rollup/rollup-darwin-arm64': [ '4.57.1' ],
17 silly audit   '@rollup/rollup-darwin-x64': [ '4.57.1' ],
17 silly audit   '@rollup/rollup-freebsd-arm64': [ '4.57.1' ],
17 silly audit   '@rollup/rollup-freebsd-x64': [ '4.57.1' ],
17 silly audit   '@rollup/rollup-linux-arm-gnueabihf': [ '4.57.1' ],
17 silly audit   '@rollup/rollup-linux-arm-musleabihf': [ '4.57.1' ],
17 silly audit   '@rollup/rollup-linux-arm64-gnu': [ '4.57.1' ],
17 silly audit   '@rollup/rollup-linux-arm64-musl': [ '4.57.1' ],
17 silly audit   '@rollup/rollup-linux-loong64-gnu': [ '4.57.1' ],
17 silly audit   '@rollup/rollup-linux-loong64-musl': [ '4.57.1' ],
17 silly audit   '@rollup/rollup-linux-ppc64-gnu': [ '4.57.1' ],
17 silly audit   '@rollup/rollup-linux-ppc64-musl': [ '4.57.1' ],
17 silly audit   '@rollup/rollup-linux-riscv64-gnu': [ '4.57.1' ],
17 silly audit   '@rollup/rollup-linux-riscv64-musl': [ '4.57.1' ],
17 silly audit   '@rollup/rollup-linux-s390x-gnu': [ '4.57.1' ],
17 silly audit   '@rollup/rollup-linux-x64-gnu': [ '4.57.1' ],
17 silly audit   '@rollup/rollup-linux-x64-musl': [ '4.57.1' ],
17 silly audit   '@rollup/rollup-openbsd-x64': [ '4.57.1' ],
17 silly audit   '@rollup/rollup-openharmony-arm64': [ '4.57.1' ],
17 silly audit   '@rollup/rollup-win32-arm64-msvc': [ '4.57.1' ],
17 silly audit   '@rollup/rollup-win32-ia32-msvc': [ '4.57.1' ],
17 silly audit   '@rollup/rollup-win32-x64-gnu': [ '4.57.1' ],
17 silly audit   '@rollup/rollup-win32-x64-msvc': [ '4.57.1' ],
17 silly audit   '@standard-schema/utils': [ '0.3.0' ],
17 silly audit   '@tailwindcss/node': [ '4.1.18' ],
17 silly audit   '@tailwindcss/oxide': [ '4.1.18' ],
17 silly audit   '@tailwindcss/oxide-android-arm64': [ '4.1.18' ],
17 silly audit   '@tailwindcss/oxide-darwin-arm64': [ '4.1.18' ],
17 silly audit   '@tailwindcss/oxide-darwin-x64': [ '4.1.18' ],
17 silly audit   '@tailwindcss/oxide-freebsd-x64': [ '4.1.18' ],
17 silly audit   '@tailwindcss/oxide-linux-arm-gnueabihf': [ '4.1.18' ],
17 silly audit   '@tailwindcss/oxide-linux-arm64-gnu': [ '4.1.18' ],
17 silly audit   '@tailwindcss/oxide-linux-arm64-musl': [ '4.1.18' ],
17 silly audit   '@tailwindcss/oxide-linux-x64-gnu': [ '4.1.18' ],
17 silly audit   '@tailwindcss/oxide-linux-x64-musl': [ '4.1.18' ],
17 silly audit   '@tailwindcss/oxide-win32-arm64-msvc': [ '4.1.18' ],
17 silly audit   '@tailwindcss/oxide-win32-x64-msvc': [ '4.1.18' ],
17 silly audit   '@tailwindcss/typography': [ '0.5.19' ],
17 silly audit   '@tailwindcss/vite': [ '4.1.18' ],
17 silly audit   '@tanstack/query-core': [ '5.90.20' ],
17 silly audit   '@tanstack/react-query': [ '5.90.20' ],
17 silly audit   '@types/babel__core': [ '7.20.5' ],
17 silly audit   '@types/babel__generator': [ '7.27.0' ],
17 silly audit   '@types/babel__template': [ '7.4.4' ],
17 silly audit   '@types/babel__traverse': [ '7.28.0' ],
17 silly audit   '@types/d3-array': [ '3.2.2' ],
17 silly audit   '@types/d3-color': [ '3.1.3' ],
17 silly audit   '@types/d3-ease': [ '3.0.2' ],
17 silly audit   '@types/d3-interpolate': [ '3.0.4' ],
17 silly audit   '@types/d3-path': [ '3.1.1' ],
17 silly audit   '@types/d3-scale': [ '4.0.9' ],
17 silly audit   '@types/d3-shape': [ '3.1.8' ],
17 silly audit   '@types/d3-time': [ '3.0.4' ],
17 silly audit   '@types/d3-timer': [ '3.0.2' ],
17 silly audit   '@types/estree': [ '1.0.8' ],
17 silly audit   '@types/google.maps': [ '3.58.1' ],
17 silly audit   '@types/node': [ '24.10.10' ],
17 silly audit   '@types/react': [ '19.2.10' ],
17 silly audit   '@types/react-dom': [ '19.2.3' ],
17 silly audit   '@vitejs/plugin-react': [ '5.1.3' ],
17 silly audit   '@vitest/expect': [ '2.1.9' ],
17 silly audit   '@vitest/mocker': [ '2.1.9' ],
17 silly audit   'estree-walker': [ '3.0.3', '2.0.2' ],
17 silly audit   '@vitest/pretty-format': [ '2.1.9' ],
17 silly audit   '@vitest/runner': [ '2.1.9' ],
17 silly audit   pathe: [ '1.1.2' ],
17 silly audit   '@vitest/snapshot': [ '2.1.9' ],
17 silly audit   '@vitest/spy': [ '2.1.9' ],
17 silly audit   '@vitest/utils': [ '2.1.9' ],
17 silly audit   add: [ '2.0.6' ],
17 silly audit   'aria-hidden': [ '1.2.6' ],
17 silly audit   'assertion-error': [ '2.0.1' ],
17 silly audit   autoprefixer: [ '10.4.24' ],
17 silly audit   'baseline-browser-mapping': [ '2.9.19' ],
17 silly audit   debug: [ '4.4.3' ],
17 silly audit   ms: [ '2.1.3' ],
17 silly audit   browserslist: [ '4.28.1' ],
17 silly audit   cac: [ '6.7.14' ],
17 silly audit   'caniuse-lite': [ '1.0.30001767' ],
17 silly audit   chai: [ '5.3.3' ],
17 silly audit   'check-error': [ '2.1.3' ],
17 silly audit   'class-variance-authority': [ '0.7.1' ],
17 silly audit   clsx: [ '2.1.1' ],
17 silly audit   cmdk: [ '1.1.1' ],
17 silly audit   'convert-source-map': [ '2.0.0' ],
17 silly audit   cssesc: [ '3.0.0' ],
17 silly audit   csstype: [ '3.2.3' ],
17 silly audit   'd3-array': [ '3.2.4' ],
17 silly audit   'd3-color': [ '3.1.0' ],
17 silly audit   'd3-ease': [ '3.0.1' ],
17 silly audit   'd3-format': [ '3.1.2' ],
17 silly audit   'd3-interpolate': [ '3.0.1' ],
17 silly audit   'd3-path': [ '3.1.0' ],
17 silly audit   'd3-shape': [ '3.2.0' ],
17 silly audit   internmap: [ '2.0.3' ],
17 silly audit   'd3-scale': [ '4.0.2' ],
17 silly audit   'd3-time': [ '3.1.0' ],
17 silly audit   'd3-time-format': [ '4.1.0' ],
17 silly audit   'd3-timer': [ '3.0.1' ],
17 silly audit   'date-fns': [ '4.1.0' ],
17 silly audit   'date-fns-jalali': [ '4.1.0-0' ],
17 silly audit   'decimal.js-light': [ '2.5.1' ],
17 silly audit   'deep-eql': [ '5.0.2' ],
17 silly audit   'detect-libc': [ '2.1.2' ],
17 silly audit   'detect-node-es': [ '1.1.0' ],
17 silly audit   'dom-helpers': [ '5.2.1' ],
17 silly audit   'electron-to-chromium': [ '1.5.286' ],
17 silly audit   'embla-carousel': [ '8.6.0' ],
17 silly audit   'embla-carousel-react': [ '8.6.0' ],
17 silly audit   'embla-carousel-reactive-utils': [ '8.6.0' ],
17 silly audit   'enhanced-resolve': [ '5.19.0' ],
17 silly audit   'es-module-lexer': [ '1.7.0' ],
17 silly audit   escalade: [ '3.2.0' ],
17 silly audit   eventemitter3: [ '4.0.7' ],
17 silly audit   'expect-type': [ '1.3.0' ],
17 silly audit   'fast-equals': [ '5.4.0' ],
17 silly audit   fdir: [ '6.5.0' ],
17 silly audit   'fraction.js': [ '5.3.4' ],
17 silly audit   'framer-motion': [ '12.31.0' ],
17 silly audit   fsevents: [ '2.3.3' ],
17 silly audit   gensync: [ '1.0.0-beta.2' ],
17 silly audit   'get-nonce': [ '1.0.1' ],
17 silly audit   'get-tsconfig': [ '4.13.1' ],
17 silly audit   'graceful-fs': [ '4.2.11' ],
17 silly audit   'input-otp': [ '1.4.2' ],
17 silly audit   jiti: [ '2.6.1' ],
17 silly audit   'js-tokens': [ '4.0.0' ],
17 silly audit   jsesc: [ '3.1.0' ],
17 silly audit   json5: [ '2.2.3' ],
17 silly audit   lightningcss: [ '1.30.2' ],
17 silly audit   'lightningcss-android-arm64': [ '1.30.2' ],
17 silly audit   'lightningcss-darwin-arm64': [ '1.30.2' ],
17 silly audit   'lightningcss-darwin-x64': [ '1.30.2' ],
17 silly audit   'lightningcss-freebsd-x64': [ '1.30.2' ],
17 silly audit   'lightningcss-linux-arm-gnueabihf': [ '1.30.2' ],
17 silly audit   'lightningcss-linux-arm64-gnu': [ '1.30.2' ],
17 silly audit   'lightningcss-linux-arm64-musl': [ '1.30.2' ],
17 silly audit   'lightningcss-linux-x64-gnu': [ '1.30.2' ],
17 silly audit   'lightningcss-linux-x64-musl': [ '1.30.2' ],
17 silly audit   'lightningcss-win32-arm64-msvc': [ '1.30.2' ],
17 silly audit   'lightningcss-win32-x64-msvc': [ '1.30.2' ],
17 silly audit   lodash: [ '4.17.23' ],
17 silly audit   'loose-envify': [ '1.4.0' ],
17 silly audit   loupe: [ '3.2.1' ],
17 silly audit   'lru-cache': [ '5.1.1' ],
17 silly audit   'lucide-react': [ '0.453.0' ],
17 silly audit   'magic-string': [ '0.30.21' ],
17 silly audit   mitt: [ '3.0.1' ],
17 silly audit   'modern-screenshot': [ '4.6.8' ],
17 silly audit   'motion-dom': [ '12.30.1' ],
17 silly audit   'motion-utils': [ '12.29.2' ],
17 silly audit   nanoid: [ '5.1.6', '3.3.11' ],
17 silly audit   'next-themes': [ '0.4.6' ],
17 silly audit   'node-releases': [ '2.0.27' ],
17 silly audit   'object-assign': [ '4.1.1' ],
17 silly audit   pathval: [ '2.0.1' ],
17 silly audit   picocolors: [ '1.1.1' ],
17 silly audit   picomatch: [ '4.0.3' ],
17 silly audit   pnpm: [ '10.28.2' ],
17 silly audit   postcss: [ '8.5.6' ],
17 silly audit   'postcss-selector-parser': [ '6.0.10' ],
17 silly audit   'postcss-value-parser': [ '4.2.0' ],
17 silly audit   prettier: [ '3.8.1' ],
17 silly audit   'prop-types': [ '15.8.1' ],
17 silly audit   'react-is': [ '16.13.1', '18.3.1' ],
17 silly audit   react: [ '19.2.4' ],
17 silly audit   'react-day-picker': [ '9.13.0' ],
17 silly audit   'react-dom': [ '19.2.4' ],
17 silly audit   'react-hook-form': [ '7.71.1' ],
17 silly audit   'react-refresh': [ '0.18.0' ],
17 silly audit   'react-remove-scroll': [ '2.7.2' ],
17 silly audit   'react-remove-scroll-bar': [ '2.3.8' ],
17 silly audit   'react-resizable-panels': [ '3.0.6' ],
17 silly audit   'react-smooth': [ '4.0.4' ],
17 silly audit   'react-style-singleton': [ '2.2.3' ],
17 silly audit   'react-transition-group': [ '4.4.5' ],
17 silly audit   recharts: [ '2.15.4' ],
17 silly audit   'recharts-scale': [ '0.4.5' ],
17 silly audit   regexparam: [ '3.0.0' ],
17 silly audit   'resolve-pkg-maps': [ '1.0.0' ],
17 silly audit   rollup: [ '4.57.1' ],
17 silly audit   scheduler: [ '0.27.0' ],
17 silly audit   semver: [ '6.3.1' ],
17 silly audit   siginfo: [ '2.0.0' ],
17 silly audit   sonner: [ '2.0.7' ],
17 silly audit   'source-map-js': [ '1.2.1' ],
17 silly audit   stackback: [ '0.0.2' ],
17 silly audit   'std-env': [ '3.10.0' ],
17 silly audit   'tailwind-merge': [ '3.4.0' ],
17 silly audit   tailwindcss: [ '4.1.18' ],
17 silly audit   'tailwindcss-animate': [ '1.0.7' ],
17 silly audit   tapable: [ '2.3.0' ],
17 silly audit   'tiny-invariant': [ '1.3.3' ],
17 silly audit   tinybench: [ '2.9.0' ],
17 silly audit   tinyexec: [ '0.3.2' ],
17 silly audit   tinyglobby: [ '0.2.15' ],
17 silly audit   tinypool: [ '1.1.1' ],
17 silly audit   tinyrainbow: [ '1.2.0' ],
17 silly audit   tinyspy: [ '3.0.2' ],
17 silly audit   tslib: [ '2.8.1' ],
17 silly audit   tsx: [ '4.21.0' ],
17 silly audit   'tw-animate-css': [ '1.4.0' ],
17 silly audit   typescript: [ '5.9.3' ],
17 silly audit   'undici-types': [ '7.16.0' ],
17 silly audit   'update-browserslist-db': [ '1.2.3' ],
17 silly audit   'use-callback-ref': [ '1.3.3' ],
17 silly audit   'use-sidecar': [ '1.1.3' ],
17 silly audit   'use-sync-external-store': [ '1.6.0' ],
17 silly audit   'util-deprecate': [ '1.0.2' ],
17 silly audit   vaul: [ '1.1.2' ],
17 silly audit   'victory-vendor': [ '36.9.2' ],
17 silly audit   vite: [ '7.3.1', '5.4.21' ],
17 silly audit   'vite-node': [ '2.1.9' ],
17 silly audit   'vite-plugin-manus-runtime': [ '0.0.57' ],
17 silly audit   vitest: [ '2.1.9' ],
17 silly audit   'why-is-node-running': [ '2.3.0' ],
17 silly audit   wouter: [ '3.9.0' ],
17 silly audit   yallist: [ '3.1.1' ],
17 silly audit   zod: [ '4.3.6' ],
17 silly audit   '@tailwindcss/oxide-wasm32-wasi': [ '4.1.18' ]
17 silly audit }
18 verbose reify failed optional dependency /Users/jacobmohomutsi/code-projects/pomf/node_modules/lightningcss-win32-x64-msvc
19 silly reify mark deleted [
19 silly reify   '/Users/jacobmohomutsi/code-projects/pomf/node_modules/lightningcss-win32-x64-msvc'
19 silly reify ]
20 verbose reify failed optional dependency /Users/jacobmohomutsi/code-projects/pomf/node_modules/lightningcss-win32-arm64-msvc
21 silly reify mark deleted [
21 silly reify   '/Users/jacobmohomutsi/code-projects/pomf/node_modules/lightningcss-win32-arm64-msvc'
21 silly reify ]
22 verbose reify failed optional dependency /Users/jacobmohomutsi/code-projects/pomf/node_modules/lightningcss-linux-x64-musl
23 silly reify mark deleted [
23 silly reify   '/Users/jacobmohomutsi/code-projects/pomf/node_modules/lightningcss-linux-x64-musl'
23 silly reify ]
24 verbose reify failed optional dependency /Users/jacobmohomutsi/code-projects/pomf/node_modules/lightningcss-linux-x64-gnu
25 silly reify mark deleted [
25 silly reify   '/Users/jacobmohomutsi/code-projects/pomf/node_modules/lightningcss-linux-x64-gnu'
25 silly reify ]
26 verbose reify failed optional dependency /Users/jacobmohomutsi/code-projects/pomf/node_modules/lightningcss-linux-arm64-musl
27 silly reify mark deleted [
27 silly reify   '/Users/jacobmohomutsi/code-projects/pomf/node_modules/lightningcss-linux-arm64-musl'
27 silly reify ]
28 verbose reify failed optional dependency /Users/jacobmohomutsi/code-projects/pomf/node_modules/lightningcss-linux-arm64-gnu
29 silly reify mark deleted [
29 silly reify   '/Users/jacobmohomutsi/code-projects/pomf/node_modules/lightningcss-linux-arm64-gnu'
29 silly reify ]
30 verbose reify failed optional dependency /Users/jacobmohomutsi/code-projects/pomf/node_modules/lightningcss-linux-arm-gnueabihf
31 silly reify mark deleted [
31 silly reify   '/Users/jacobmohomutsi/code-projects/pomf/node_modules/lightningcss-linux-arm-gnueabihf'
31 silly reify ]
32 verbose reify failed optional dependency /Users/jacobmohomutsi/code-projects/pomf/node_modules/lightningcss-freebsd-x64
33 silly reify mark deleted [
33 silly reify   '/Users/jacobmohomutsi/code-projects/pomf/node_modules/lightningcss-freebsd-x64'
33 silly reify ]
34 verbose reify failed optional dependency /Users/jacobmohomutsi/code-projects/pomf/node_modules/lightningcss-darwin-x64
35 silly reify mark deleted [
35 silly reify   '/Users/jacobmohomutsi/code-projects/pomf/node_modules/lightningcss-darwin-x64'
35 silly reify ]
36 verbose reify failed optional dependency /Users/jacobmohomutsi/code-projects/pomf/node_modules/lightningcss-android-arm64
37 silly reify mark deleted [
37 silly reify   '/Users/jacobmohomutsi/code-projects/pomf/node_modules/lightningcss-android-arm64'
37 silly reify ]
38 verbose reify failed optional dependency /Users/jacobmohomutsi/code-projects/pomf/node_modules/@tailwindcss/oxide-win32-x64-msvc
39 silly reify mark deleted [
39 silly reify   '/Users/jacobmohomutsi/code-projects/pomf/node_modules/@tailwindcss/oxide-win32-x64-msvc'
39 silly reify ]
40 verbose reify failed optional dependency /Users/jacobmohomutsi/code-projects/pomf/node_modules/@tailwindcss/oxide-win32-arm64-msvc
41 silly reify mark deleted [
41 silly reify   '/Users/jacobmohomutsi/code-projects/pomf/node_modules/@tailwindcss/oxide-win32-arm64-msvc'
41 silly reify ]
42 verbose reify failed optional dependency /Users/jacobmohomutsi/code-projects/pomf/node_modules/@tailwindcss/oxide-linux-x64-musl
43 silly reify mark deleted [
43 silly reify   '/Users/jacobmohomutsi/code-projects/pomf/node_modules/@tailwindcss/oxide-linux-x64-musl'
43 silly reify ]
44 verbose reify failed optional dependency /Users/jacobmohomutsi/code-projects/pomf/node_modules/@tailwindcss/oxide-linux-x64-gnu
45 silly reify mark deleted [
45 silly reify   '/Users/jacobmohomutsi/code-projects/pomf/node_modules/@tailwindcss/oxide-linux-x64-gnu'
45 silly reify ]
46 verbose reify failed optional dependency /Users/jacobmohomutsi/code-projects/pomf/node_modules/@tailwindcss/oxide-linux-arm64-musl
47 silly reify mark deleted [
47 silly reify   '/Users/jacobmohomutsi/code-projects/pomf/node_modules/@tailwindcss/oxide-linux-arm64-musl'
47 silly reify ]
48 verbose reify failed optional dependency /Users/jacobmohomutsi/code-projects/pomf/node_modules/@tailwindcss/oxide-linux-arm64-gnu
49 silly reify mark deleted [
49 silly reify   '/Users/jacobmohomutsi/code-projects/pomf/node_modules/@tailwindcss/oxide-linux-arm64-gnu'
49 silly reify ]
50 verbose reify failed optional dependency /Users/jacobmohomutsi/code-projects/pomf/node_modules/@tailwindcss/oxide-linux-arm-gnueabihf
51 silly reify mark deleted [
51 silly reify   '/Users/jacobmohomutsi/code-projects/pomf/node_modules/@tailwindcss/oxide-linux-arm-gnueabihf'
51 silly reify ]
52 verbose reify failed optional dependency /Users/jacobmohomutsi/code-projects/pomf/node_modules/@tailwindcss/oxide-freebsd-x64
53 silly reify mark deleted [
53 silly reify   '/Users/jacobmohomutsi/code-projects/pomf/node_modules/@tailwindcss/oxide-freebsd-x64'
53 silly reify ]
54 verbose reify failed optional dependency /Users/jacobmohomutsi/code-projects/pomf/node_modules/@tailwindcss/oxide-darwin-x64
55 silly reify mark deleted [
55 silly reify   '/Users/jacobmohomutsi/code-projects/pomf/node_modules/@tailwindcss/oxide-darwin-x64'
55 silly reify ]
56 verbose reify failed optional dependency /Users/jacobmohomutsi/code-projects/pomf/node_modules/@tailwindcss/oxide-android-arm64
57 silly reify mark deleted [
57 silly reify   '/Users/jacobmohomutsi/code-projects/pomf/node_modules/@tailwindcss/oxide-android-arm64'
57 silly reify ]
58 verbose reify failed optional dependency /Users/jacobmohomutsi/code-projects/pomf/node_modules/@rollup/rollup-win32-x64-msvc
59 silly reify mark deleted [
59 silly reify   '/Users/jacobmohomutsi/code-projects/pomf/node_modules/@rollup/rollup-win32-x64-msvc'
59 silly reify ]
60 verbose reify failed optional dependency /Users/jacobmohomutsi/code-projects/pomf/node_modules/@rollup/rollup-win32-x64-gnu
61 silly reify mark deleted [
61 silly reify   '/Users/jacobmohomutsi/code-projects/pomf/node_modules/@rollup/rollup-win32-x64-gnu'
61 silly reify ]
62 verbose reify failed optional dependency /Users/jacobmohomutsi/code-projects/pomf/node_modules/@rollup/rollup-win32-ia32-msvc
63 silly reify mark deleted [
63 silly reify   '/Users/jacobmohomutsi/code-projects/pomf/node_modules/@rollup/rollup-win32-ia32-msvc'
63 silly reify ]
64 verbose reify failed optional dependency /Users/jacobmohomutsi/code-projects/pomf/node_modules/@rollup/rollup-win32-arm64-msvc
65 silly reify mark deleted [
65 silly reify   '/Users/jacobmohomutsi/code-projects/pomf/node_modules/@rollup/rollup-win32-arm64-msvc'
65 silly reify ]
66 verbose reify failed optional dependency /Users/jacobmohomutsi/code-projects/pomf/node_modules/@rollup/rollup-openharmony-arm64
67 silly reify mark deleted [
67 silly reify   '/Users/jacobmohomutsi/code-projects/pomf/node_modules/@rollup/rollup-openharmony-arm64'
67 silly reify ]
68 verbose reify failed optional dependency /Users/jacobmohomutsi/code-projects/pomf/node_modules/@rollup/rollup-openbsd-x64
69 silly reify mark deleted [
69 silly reify   '/Users/jacobmohomutsi/code-projects/pomf/node_modules/@rollup/rollup-openbsd-x64'
69 silly reify ]
70 verbose reify failed optional dependency /Users/jacobmohomutsi/code-projects/pomf/node_modules/@rollup/rollup-linux-x64-musl
71 silly reify mark deleted [
71 silly reify   '/Users/jacobmohomutsi/code-projects/pomf/node_modules/@rollup/rollup-linux-x64-musl'
71 silly reify ]
72 verbose reify failed optional dependency /Users/jacobmohomutsi/code-projects/pomf/node_modules/@rollup/rollup-linux-x64-gnu
73 silly reify mark deleted [
73 silly reify   '/Users/jacobmohomutsi/code-projects/pomf/node_modules/@rollup/rollup-linux-x64-gnu'
73 silly reify ]
74 verbose reify failed optional dependency /Users/jacobmohomutsi/code-projects/pomf/node_modules/@rollup/rollup-linux-s390x-gnu
75 silly reify mark deleted [
75 silly reify   '/Users/jacobmohomutsi/code-projects/pomf/node_modules/@rollup/rollup-linux-s390x-gnu'
75 silly reify ]
76 verbose reify failed optional dependency /Users/jacobmohomutsi/code-projects/pomf/node_modules/@rollup/rollup-linux-riscv64-musl
77 silly reify mark deleted [
77 silly reify   '/Users/jacobmohomutsi/code-projects/pomf/node_modules/@rollup/rollup-linux-riscv64-musl'
77 silly reify ]
78 verbose reify failed optional dependency /Users/jacobmohomutsi/code-projects/pomf/node_modules/@rollup/rollup-linux-riscv64-gnu
79 silly reify mark deleted [
79 silly reify   '/Users/jacobmohomutsi/code-projects/pomf/node_modules/@rollup/rollup-linux-riscv64-gnu'
79 silly reify ]
80 verbose reify failed optional dependency /Users/jacobmohomutsi/code-projects/pomf/node_modules/@rollup/rollup-linux-ppc64-musl
81 silly reify mark deleted [
81 silly reify   '/Users/jacobmohomutsi/code-projects/pomf/node_modules/@rollup/rollup-linux-ppc64-musl'
81 silly reify ]
82 verbose reify failed optional dependency /Users/jacobmohomutsi/code-projects/pomf/node_modules/@rollup/rollup-linux-ppc64-gnu
83 silly reify mark deleted [
83 silly reify   '/Users/jacobmohomutsi/code-projects/pomf/node_modules/@rollup/rollup-linux-ppc64-gnu'
83 silly reify ]
84 verbose reify failed optional dependency /Users/jacobmohomutsi/code-projects/pomf/node_modules/@rollup/rollup-linux-loong64-musl
85 silly reify mark deleted [
85 silly reify   '/Users/jacobmohomutsi/code-projects/pomf/node_modules/@rollup/rollup-linux-loong64-musl'
85 silly reify ]
86 verbose reify failed optional dependency /Users/jacobmohomutsi/code-projects/pomf/node_modules/@rollup/rollup-linux-loong64-gnu
87 silly reify mark deleted [
87 silly reify   '/Users/jacobmohomutsi/code-projects/pomf/node_modules/@rollup/rollup-linux-loong64-gnu'
87 silly reify ]
88 verbose reify failed optional dependency /Users/jacobmohomutsi/code-projects/pomf/node_modules/@rollup/rollup-linux-arm64-musl
89 silly reify mark deleted [
89 silly reify   '/Users/jacobmohomutsi/code-projects/pomf/node_modules/@rollup/rollup-linux-arm64-musl'
89 silly reify ]
90 verbose reify failed optional dependency /Users/jacobmohomutsi/code-projects/pomf/node_modules/@rollup/rollup-linux-arm64-gnu
91 silly reify mark deleted [
91 silly reify   '/Users/jacobmohomutsi/code-projects/pomf/node_modules/@rollup/rollup-linux-arm64-gnu'
91 silly reify ]
92 verbose reify failed optional dependency /Users/jacobmohomutsi/code-projects/pomf/node_modules/@rollup/rollup-linux-arm-musleabihf
93 silly reify mark deleted [
93 silly reify   '/Users/jacobmohomutsi/code-projects/pomf/node_modules/@rollup/rollup-linux-arm-musleabihf'
93 silly reify ]
94 verbose reify failed optional dependency /Users/jacobmohomutsi/code-projects/pomf/node_modules/@rollup/rollup-linux-arm-gnueabihf
95 silly reify mark deleted [
95 silly reify   '/Users/jacobmohomutsi/code-projects/pomf/node_modules/@rollup/rollup-linux-arm-gnueabihf'
95 silly reify ]
96 verbose reify failed optional dependency /Users/jacobmohomutsi/code-projects/pomf/node_modules/@rollup/rollup-freebsd-x64
97 silly reify mark deleted [
97 silly reify   '/Users/jacobmohomutsi/code-projects/pomf/node_modules/@rollup/rollup-freebsd-x64'
97 silly reify ]
98 verbose reify failed optional dependency /Users/jacobmohomutsi/code-projects/pomf/node_modules/@rollup/rollup-freebsd-arm64
99 silly reify mark deleted [
99 silly reify   '/Users/jacobmohomutsi/code-projects/pomf/node_modules/@rollup/rollup-freebsd-arm64'
99 silly reify ]
100 verbose reify failed optional dependency /Users/jacobmohomutsi/code-projects/pomf/node_modules/@rollup/rollup-darwin-x64
101 silly reify mark deleted [
101 silly reify   '/Users/jacobmohomutsi/code-projects/pomf/node_modules/@rollup/rollup-darwin-x64'
101 silly reify ]
102 verbose reify failed optional dependency /Users/jacobmohomutsi/code-projects/pomf/node_modules/@rollup/rollup-android-arm64
103 silly reify mark deleted [
103 silly reify   '/Users/jacobmohomutsi/code-projects/pomf/node_modules/@rollup/rollup-android-arm64'
103 silly reify ]
104 verbose reify failed optional dependency /Users/jacobmohomutsi/code-projects/pomf/node_modules/@rollup/rollup-android-arm-eabi
105 silly reify mark deleted [
105 silly reify   '/Users/jacobmohomutsi/code-projects/pomf/node_modules/@rollup/rollup-android-arm-eabi'
105 silly reify ]
106 verbose reify failed optional dependency /Users/jacobmohomutsi/code-projects/pomf/node_modules/vite-node/node_modules/@esbuild/win32-x64
107 silly reify mark deleted [
107 silly reify   '/Users/jacobmohomutsi/code-projects/pomf/node_modules/vite-node/node_modules/@esbuild/win32-x64'
107 silly reify ]
108 verbose reify failed optional dependency /Users/jacobmohomutsi/code-projects/pomf/node_modules/vite-node/node_modules/@esbuild/win32-ia32
109 silly reify mark deleted [
109 silly reify   '/Users/jacobmohomutsi/code-projects/pomf/node_modules/vite-node/node_modules/@esbuild/win32-ia32'
109 silly reify ]
110 verbose reify failed optional dependency /Users/jacobmohomutsi/code-projects/pomf/node_modules/vite-node/node_modules/@esbuild/win32-arm64
111 silly reify mark deleted [
111 silly reify   '/Users/jacobmohomutsi/code-projects/pomf/node_modules/vite-node/node_modules/@esbuild/win32-arm64'
111 silly reify ]
112 verbose reify failed optional dependency /Users/jacobmohomutsi/code-projects/pomf/node_modules/vite-node/node_modules/@esbuild/sunos-x64
113 silly reify mark deleted [
113 silly reify   '/Users/jacobmohomutsi/code-projects/pomf/node_modules/vite-node/node_modules/@esbuild/sunos-x64'
113 silly reify ]
114 verbose reify failed optional dependency /Users/jacobmohomutsi/code-projects/pomf/node_modules/vite-node/node_modules/@esbuild/openbsd-x64
115 silly reify mark deleted [
115 silly reify   '/Users/jacobmohomutsi/code-projects/pomf/node_modules/vite-node/node_modules/@esbuild/openbsd-x64'
115 silly reify ]
116 verbose reify failed optional dependency /Users/jacobmohomutsi/code-projects/pomf/node_modules/vite-node/node_modules/@esbuild/netbsd-x64
117 silly reify mark deleted [
117 silly reify   '/Users/jacobmohomutsi/code-projects/pomf/node_modules/vite-node/node_modules/@esbuild/netbsd-x64'
117 silly reify ]
118 verbose reify failed optional dependency /Users/jacobmohomutsi/code-projects/pomf/node_modules/vite-node/node_modules/@esbuild/linux-x64
119 silly reify mark deleted [
119 silly reify   '/Users/jacobmohomutsi/code-projects/pomf/node_modules/vite-node/node_modules/@esbuild/linux-x64'
119 silly reify ]
120 verbose reify failed optional dependency /Users/jacobmohomutsi/code-projects/pomf/node_modules/vite-node/node_modules/@esbuild/linux-s390x
121 silly reify mark deleted [
121 silly reify   '/Users/jacobmohomutsi/code-projects/pomf/node_modules/vite-node/node_modules/@esbuild/linux-s390x'
121 silly reify ]
122 verbose reify failed optional dependency /Users/jacobmohomutsi/code-projects/pomf/node_modules/vite-node/node_modules/@esbuild/linux-riscv64
123 silly reify mark deleted [
123 silly reify   '/Users/jacobmohomutsi/code-projects/pomf/node_modules/vite-node/node_modules/@esbuild/linux-riscv64'
123 silly reify ]
124 verbose reify failed optional dependency /Users/jacobmohomutsi/code-projects/pomf/node_modules/vite-node/node_modules/@esbuild/linux-ppc64
125 silly reify mark deleted [
125 silly reify   '/Users/jacobmohomutsi/code-projects/pomf/node_modules/vite-node/node_modules/@esbuild/linux-ppc64'
125 silly reify ]
126 verbose reify failed optional dependency /Users/jacobmohomutsi/code-projects/pomf/node_modules/vite-node/node_modules/@esbuild/linux-mips64el
127 silly reify mark deleted [
127 silly reify   '/Users/jacobmohomutsi/code-projects/pomf/node_modules/vite-node/node_modules/@esbuild/linux-mips64el'
127 silly reify ]
128 verbose reify failed optional dependency /Users/jacobmohomutsi/code-projects/pomf/node_modules/vite-node/node_modules/@esbuild/linux-loong64
129 silly reify mark deleted [
129 silly reify   '/Users/jacobmohomutsi/code-projects/pomf/node_modules/vite-node/node_modules/@esbuild/linux-loong64'
129 silly reify ]
130 verbose reify failed optional dependency /Users/jacobmohomutsi/code-projects/pomf/node_modules/vite-node/node_modules/@esbuild/linux-ia32
131 silly reify mark deleted [
131 silly reify   '/Users/jacobmohomutsi/code-projects/pomf/node_modules/vite-node/node_modules/@esbuild/linux-ia32'
131 silly reify ]
132 verbose reify failed optional dependency /Users/jacobmohomutsi/code-projects/pomf/node_modules/vite-node/node_modules/@esbuild/linux-arm64
133 silly reify mark deleted [
133 silly reify   '/Users/jacobmohomutsi/code-projects/pomf/node_modules/vite-node/node_modules/@esbuild/linux-arm64'
133 silly reify ]
134 verbose reify failed optional dependency /Users/jacobmohomutsi/code-projects/pomf/node_modules/vite-node/node_modules/@esbuild/linux-arm
135 silly reify mark deleted [
135 silly reify   '/Users/jacobmohomutsi/code-projects/pomf/node_modules/vite-node/node_modules/@esbuild/linux-arm'
135 silly reify ]
136 verbose reify failed optional dependency /Users/jacobmohomutsi/code-projects/pomf/node_modules/vite-node/node_modules/@esbuild/freebsd-x64
137 silly reify mark deleted [
137 silly reify   '/Users/jacobmohomutsi/code-projects/pomf/node_modules/vite-node/node_modules/@esbuild/freebsd-x64'
137 silly reify ]
138 verbose reify failed optional dependency /Users/jacobmohomutsi/code-projects/pomf/node_modules/vite-node/node_modules/@esbuild/freebsd-arm64
139 silly reify mark deleted [
139 silly reify   '/Users/jacobmohomutsi/code-projects/pomf/node_modules/vite-node/node_modules/@esbuild/freebsd-arm64'
139 silly reify ]
140 verbose reify failed optional dependency /Users/jacobmohomutsi/code-projects/pomf/node_modules/vite-node/node_modules/@esbuild/darwin-x64
141 silly reify mark deleted [
141 silly reify   '/Users/jacobmohomutsi/code-projects/pomf/node_modules/vite-node/node_modules/@esbuild/darwin-x64'
141 silly reify ]
142 verbose reify failed optional dependency /Users/jacobmohomutsi/code-projects/pomf/node_modules/vite-node/node_modules/@esbuild/android-x64
143 silly reify mark deleted [
143 silly reify   '/Users/jacobmohomutsi/code-projects/pomf/node_modules/vite-node/node_modules/@esbuild/android-x64'
143 silly reify ]
144 verbose reify failed optional dependency /Users/jacobmohomutsi/code-projects/pomf/node_modules/vite-node/node_modules/@esbuild/android-arm64
145 silly reify mark deleted [
145 silly reify   '/Users/jacobmohomutsi/code-projects/pomf/node_modules/vite-node/node_modules/@esbuild/android-arm64'
145 silly reify ]
146 verbose reify failed optional dependency /Users/jacobmohomutsi/code-projects/pomf/node_modules/vite-node/node_modules/@esbuild/android-arm
147 silly reify mark deleted [
147 silly reify   '/Users/jacobmohomutsi/code-projects/pomf/node_modules/vite-node/node_modules/@esbuild/android-arm'
147 silly reify ]
148 verbose reify failed optional dependency /Users/jacobmohomutsi/code-projects/pomf/node_modules/vite-node/node_modules/@esbuild/aix-ppc64
149 silly reify mark deleted [
149 silly reify   '/Users/jacobmohomutsi/code-projects/pomf/node_modules/vite-node/node_modules/@esbuild/aix-ppc64'
149 silly reify ]
150 verbose reify failed optional dependency /Users/jacobmohomutsi/code-projects/pomf/node_modules/vite/node_modules/@esbuild/win32-x64
151 silly reify mark deleted [
151 silly reify   '/Users/jacobmohomutsi/code-projects/pomf/node_modules/vite/node_modules/@esbuild/win32-x64'
151 silly reify ]
152 verbose reify failed optional dependency /Users/jacobmohomutsi/code-projects/pomf/node_modules/vite/node_modules/@esbuild/win32-ia32
153 silly reify mark deleted [
153 silly reify   '/Users/jacobmohomutsi/code-projects/pomf/node_modules/vite/node_modules/@esbuild/win32-ia32'
153 silly reify ]
154 verbose reify failed optional dependency /Users/jacobmohomutsi/code-projects/pomf/node_modules/vite/node_modules/@esbuild/win32-arm64
155 silly reify mark deleted [
155 silly reify   '/Users/jacobmohomutsi/code-projects/pomf/node_modules/vite/node_modules/@esbuild/win32-arm64'
155 silly reify ]
156 verbose reify failed optional dependency /Users/jacobmohomutsi/code-projects/pomf/node_modules/vite/node_modules/@esbuild/sunos-x64
157 silly reify mark deleted [
157 silly reify   '/Users/jacobmohomutsi/code-projects/pomf/node_modules/vite/node_modules/@esbuild/sunos-x64'
157 silly reify ]
158 verbose reify failed optional dependency /Users/jacobmohomutsi/code-projects/pomf/node_modules/vite/node_modules/@esbuild/openharmony-arm64
159 silly reify mark deleted [
159 silly reify   '/Users/jacobmohomutsi/code-projects/pomf/node_modules/vite/node_modules/@esbuild/openharmony-arm64'
159 silly reify ]
160 verbose reify failed optional dependency /Users/jacobmohomutsi/code-projects/pomf/node_modules/vite/node_modules/@esbuild/openbsd-x64
161 silly reify mark deleted [
161 silly reify   '/Users/jacobmohomutsi/code-projects/pomf/node_modules/vite/node_modules/@esbuild/openbsd-x64'
161 silly reify ]
162 verbose reify failed optional dependency /Users/jacobmohomutsi/code-projects/pomf/node_modules/vite/node_modules/@esbuild/openbsd-arm64
163 silly reify mark deleted [
163 silly reify   '/Users/jacobmohomutsi/code-projects/pomf/node_modules/vite/node_modules/@esbuild/openbsd-arm64'
163 silly reify ]
164 verbose reify failed optional dependency /Users/jacobmohomutsi/code-projects/pomf/node_modules/vite/node_modules/@esbuild/netbsd-x64
165 silly reify mark deleted [
165 silly reify   '/Users/jacobmohomutsi/code-projects/pomf/node_modules/vite/node_modules/@esbuild/netbsd-x64'
165 silly reify ]
166 verbose reify failed optional dependency /Users/jacobmohomutsi/code-projects/pomf/node_modules/vite/node_modules/@esbuild/netbsd-arm64
167 silly reify mark deleted [
167 silly reify   '/Users/jacobmohomutsi/code-projects/pomf/node_modules/vite/node_modules/@esbuild/netbsd-arm64'
167 silly reify ]
168 verbose reify failed optional dependency /Users/jacobmohomutsi/code-projects/pomf/node_modules/vite/node_modules/@esbuild/linux-x64
169 silly reify mark deleted [
169 silly reify   '/Users/jacobmohomutsi/code-projects/pomf/node_modules/vite/node_modules/@esbuild/linux-x64'
169 silly reify ]
170 verbose reify failed optional dependency /Users/jacobmohomutsi/code-projects/pomf/node_modules/vite/node_modules/@esbuild/linux-s390x
171 silly reify mark deleted [
171 silly reify   '/Users/jacobmohomutsi/code-projects/pomf/node_modules/vite/node_modules/@esbuild/linux-s390x'
171 silly reify ]
172 verbose reify failed optional dependency /Users/jacobmohomutsi/code-projects/pomf/node_modules/vite/node_modules/@esbuild/linux-riscv64
173 silly reify mark deleted [
173 silly reify   '/Users/jacobmohomutsi/code-projects/pomf/node_modules/vite/node_modules/@esbuild/linux-riscv64'
173 silly reify ]
174 verbose reify failed optional dependency /Users/jacobmohomutsi/code-projects/pomf/node_modules/vite/node_modules/@esbuild/linux-ppc64
175 silly reify mark deleted [
175 silly reify   '/Users/jacobmohomutsi/code-projects/pomf/node_modules/vite/node_modules/@esbuild/linux-ppc64'
175 silly reify ]
176 verbose reify failed optional dependency /Users/jacobmohomutsi/code-projects/pomf/node_modules/vite/node_modules/@esbuild/linux-mips64el
177 silly reify mark deleted [
177 silly reify   '/Users/jacobmohomutsi/code-projects/pomf/node_modules/vite/node_modules/@esbuild/linux-mips64el'
177 silly reify ]
178 verbose reify failed optional dependency /Users/jacobmohomutsi/code-projects/pomf/node_modules/vite/node_modules/@esbuild/linux-loong64
179 silly reify mark deleted [
179 silly reify   '/Users/jacobmohomutsi/code-projects/pomf/node_modules/vite/node_modules/@esbuild/linux-loong64'
179 silly reify ]
180 verbose reify failed optional dependency /Users/jacobmohomutsi/code-projects/pomf/node_modules/vite/node_modules/@esbuild/linux-ia32
181 silly reify mark deleted [
181 silly reify   '/Users/jacobmohomutsi/code-projects/pomf/node_modules/vite/node_modules/@esbuild/linux-ia32'
181 silly reify ]
182 verbose reify failed optional dependency /Users/jacobmohomutsi/code-projects/pomf/node_modules/vite/node_modules/@esbuild/linux-arm64
183 silly reify mark deleted [
183 silly reify   '/Users/jacobmohomutsi/code-projects/pomf/node_modules/vite/node_modules/@esbuild/linux-arm64'
183 silly reify ]
184 verbose reify failed optional dependency /Users/jacobmohomutsi/code-projects/pomf/node_modules/vite/node_modules/@esbuild/linux-arm
185 silly reify mark deleted [
185 silly reify   '/Users/jacobmohomutsi/code-projects/pomf/node_modules/vite/node_modules/@esbuild/linux-arm'
185 silly reify ]
186 verbose reify failed optional dependency /Users/jacobmohomutsi/code-projects/pomf/node_modules/vite/node_modules/@esbuild/freebsd-x64
187 silly reify mark deleted [
187 silly reify   '/Users/jacobmohomutsi/code-projects/pomf/node_modules/vite/node_modules/@esbuild/freebsd-x64'
187 silly reify ]
188 verbose reify failed optional dependency /Users/jacobmohomutsi/code-projects/pomf/node_modules/vite/node_modules/@esbuild/freebsd-arm64
189 silly reify mark deleted [
189 silly reify   '/Users/jacobmohomutsi/code-projects/pomf/node_modules/vite/node_modules/@esbuild/freebsd-arm64'
189 silly reify ]
190 verbose reify failed optional dependency /Users/jacobmohomutsi/code-projects/pomf/node_modules/vite/node_modules/@esbuild/darwin-x64
191 silly reify mark deleted [
191 silly reify   '/Users/jacobmohomutsi/code-projects/pomf/node_modules/vite/node_modules/@esbuild/darwin-x64'
191 silly reify ]
192 verbose reify failed optional dependency /Users/jacobmohomutsi/code-projects/pomf/node_modules/vite/node_modules/@esbuild/android-x64
193 silly reify mark deleted [
193 silly reify   '/Users/jacobmohomutsi/code-projects/pomf/node_modules/vite/node_modules/@esbuild/android-x64'
193 silly reify ]
194 verbose reify failed optional dependency /Users/jacobmohomutsi/code-projects/pomf/node_modules/vite/node_modules/@esbuild/android-arm64
195 silly reify mark deleted [
195 silly reify   '/Users/jacobmohomutsi/code-projects/pomf/node_modules/vite/node_modules/@esbuild/android-arm64'
195 silly reify ]
196 verbose reify failed optional dependency /Users/jacobmohomutsi/code-projects/pomf/node_modules/vite/node_modules/@esbuild/android-arm
197 silly reify mark deleted [
197 silly reify   '/Users/jacobmohomutsi/code-projects/pomf/node_modules/vite/node_modules/@esbuild/android-arm'
197 silly reify ]
198 verbose reify failed optional dependency /Users/jacobmohomutsi/code-projects/pomf/node_modules/vite/node_modules/@esbuild/aix-ppc64
199 silly reify mark deleted [
199 silly reify   '/Users/jacobmohomutsi/code-projects/pomf/node_modules/vite/node_modules/@esbuild/aix-ppc64'
199 silly reify ]
200 verbose reify failed optional dependency /Users/jacobmohomutsi/code-projects/pomf/node_modules/vitest/node_modules/@esbuild/win32-x64
201 silly reify mark deleted [
201 silly reify   '/Users/jacobmohomutsi/code-projects/pomf/node_modules/vitest/node_modules/@esbuild/win32-x64'
201 silly reify ]
202 verbose reify failed optional dependency /Users/jacobmohomutsi/code-projects/pomf/node_modules/vitest/node_modules/@esbuild/win32-ia32
203 silly reify mark deleted [
203 silly reify   '/Users/jacobmohomutsi/code-projects/pomf/node_modules/vitest/node_modules/@esbuild/win32-ia32'
203 silly reify ]
204 verbose reify failed optional dependency /Users/jacobmohomutsi/code-projects/pomf/node_modules/vitest/node_modules/@esbuild/win32-arm64
205 silly reify mark deleted [
205 silly reify   '/Users/jacobmohomutsi/code-projects/pomf/node_modules/vitest/node_modules/@esbuild/win32-arm64'
205 silly reify ]
206 verbose reify failed optional dependency /Users/jacobmohomutsi/code-projects/pomf/node_modules/vitest/node_modules/@esbuild/sunos-x64
207 silly reify mark deleted [
207 silly reify   '/Users/jacobmohomutsi/code-projects/pomf/node_modules/vitest/node_modules/@esbuild/sunos-x64'
207 silly reify ]
208 verbose reify failed optional dependency /Users/jacobmohomutsi/code-projects/pomf/node_modules/vitest/node_modules/@esbuild/openbsd-x64
209 silly reify mark deleted [
209 silly reify   '/Users/jacobmohomutsi/code-projects/pomf/node_modules/vitest/node_modules/@esbuild/openbsd-x64'
209 silly reify ]
210 verbose reify failed optional dependency /Users/jacobmohomutsi/code-projects/pomf/node_modules/vitest/node_modules/@esbuild/netbsd-x64
211 silly reify mark deleted [
211 silly reify   '/Users/jacobmohomutsi/code-projects/pomf/node_modules/vitest/node_modules/@esbuild/netbsd-x64'
211 silly reify ]
212 verbose reify failed optional dependency /Users/jacobmohomutsi/code-projects/pomf/node_modules/vitest/node_modules/@esbuild/linux-x64
213 silly reify mark deleted [
213 silly reify   '/Users/jacobmohomutsi/code-projects/pomf/node_modules/vitest/node_modules/@esbuild/linux-x64'
213 silly reify ]
214 verbose reify failed optional dependency /Users/jacobmohomutsi/code-projects/pomf/node_modules/vitest/node_modules/@esbuild/linux-s390x
215 silly reify mark deleted [
215 silly reify   '/Users/jacobmohomutsi/code-projects/pomf/node_modules/vitest/node_modules/@esbuild/linux-s390x'
215 silly reify ]
216 verbose reify failed optional dependency /Users/jacobmohomutsi/code-projects/pomf/node_modules/vitest/node_modules/@esbuild/linux-riscv64
217 silly reify mark deleted [
217 silly reify   '/Users/jacobmohomutsi/code-projects/pomf/node_modules/vitest/node_modules/@esbuild/linux-riscv64'
217 silly reify ]
218 verbose reify failed optional dependency /Users/jacobmohomutsi/code-projects/pomf/node_modules/vitest/node_modules/@esbuild/linux-ppc64
219 silly reify mark deleted [
219 silly reify   '/Users/jacobmohomutsi/code-projects/pomf/node_modules/vitest/node_modules/@esbuild/linux-ppc64'
219 silly reify ]
220 verbose reify failed optional dependency /Users/jacobmohomutsi/code-projects/pomf/node_modules/vitest/node_modules/@esbuild/linux-mips64el
221 silly reify mark deleted [
221 silly reify   '/Users/jacobmohomutsi/code-projects/pomf/node_modules/vitest/node_modules/@esbuild/linux-mips64el'
221 silly reify ]
222 verbose reify failed optional dependency /Users/jacobmohomutsi/code-projects/pomf/node_modules/vitest/node_modules/@esbuild/linux-loong64
223 silly reify mark deleted [
223 silly reify   '/Users/jacobmohomutsi/code-projects/pomf/node_modules/vitest/node_modules/@esbuild/linux-loong64'
223 silly reify ]
224 verbose reify failed optional dependency /Users/jacobmohomutsi/code-projects/pomf/node_modules/vitest/node_modules/@esbuild/linux-ia32
225 silly reify mark deleted [
225 silly reify   '/Users/jacobmohomutsi/code-projects/pomf/node_modules/vitest/node_modules/@esbuild/linux-ia32'
225 silly reify ]
226 verbose reify failed optional dependency /Users/jacobmohomutsi/code-projects/pomf/node_modules/vitest/node_modules/@esbuild/linux-arm64
227 silly reify mark deleted [
227 silly reify   '/Users/jacobmohomutsi/code-projects/pomf/node_modules/vitest/node_modules/@esbuild/linux-arm64'
227 silly reify ]
228 verbose reify failed optional dependency /Users/jacobmohomutsi/code-projects/pomf/node_modules/vitest/node_modules/@esbuild/linux-arm
229 silly reify mark deleted [
229 silly reify   '/Users/jacobmohomutsi/code-projects/pomf/node_modules/vitest/node_modules/@esbuild/linux-arm'
229 silly reify ]
230 verbose reify failed optional dependency /Users/jacobmohomutsi/code-projects/pomf/node_modules/vitest/node_modules/@esbuild/freebsd-x64
231 silly reify mark deleted [
231 silly reify   '/Users/jacobmohomutsi/code-projects/pomf/node_modules/vitest/node_modules/@esbuild/freebsd-x64'
231 silly reify ]
232 verbose reify failed optional dependency /Users/jacobmohomutsi/code-projects/pomf/node_modules/vitest/node_modules/@esbuild/freebsd-arm64
233 silly reify mark deleted [
233 silly reify   '/Users/jacobmohomutsi/code-projects/pomf/node_modules/vitest/node_modules/@esbuild/freebsd-arm64'
233 silly reify ]
234 verbose reify failed optional dependency /Users/jacobmohomutsi/code-projects/pomf/node_modules/vitest/node_modules/@esbuild/darwin-x64
235 silly reify mark deleted [
235 silly reify   '/Users/jacobmohomutsi/code-projects/pomf/node_modules/vitest/node_modules/@esbuild/darwin-x64'
235 silly reify ]
236 verbose reify failed optional dependency /Users/jacobmohomutsi/code-projects/pomf/node_modules/vitest/node_modules/@esbuild/android-x64
237 silly reify mark deleted [
237 silly reify   '/Users/jacobmohomutsi/code-projects/pomf/node_modules/vitest/node_modules/@esbuild/android-x64'
237 silly reify ]
238 verbose reify failed optional dependency /Users/jacobmohomutsi/code-projects/pomf/node_modules/vitest/node_modules/@esbuild/android-arm64
239 silly reify mark deleted [
239 silly reify   '/Users/jacobmohomutsi/code-projects/pomf/node_modules/vitest/node_modules/@esbuild/android-arm64'
239 silly reify ]
240 verbose reify failed optional dependency /Users/jacobmohomutsi/code-projects/pomf/node_modules/vitest/node_modules/@esbuild/android-arm
241 silly reify mark deleted [
241 silly reify   '/Users/jacobmohomutsi/code-projects/pomf/node_modules/vitest/node_modules/@esbuild/android-arm'
241 silly reify ]
242 verbose reify failed optional dependency /Users/jacobmohomutsi/code-projects/pomf/node_modules/vitest/node_modules/@esbuild/aix-ppc64
243 silly reify mark deleted [
243 silly reify   '/Users/jacobmohomutsi/code-projects/pomf/node_modules/vitest/node_modules/@esbuild/aix-ppc64'
243 silly reify ]
244 verbose reify failed optional dependency /Users/jacobmohomutsi/code-projects/pomf/node_modules/tsx/node_modules/@esbuild/win32-x64
245 silly reify mark deleted [
245 silly reify   '/Users/jacobmohomutsi/code-projects/pomf/node_modules/tsx/node_modules/@esbuild/win32-x64'
245 silly reify ]
246 verbose reify failed optional dependency /Users/jacobmohomutsi/code-projects/pomf/node_modules/tsx/node_modules/@esbuild/win32-ia32
247 silly reify mark deleted [
247 silly reify   '/Users/jacobmohomutsi/code-projects/pomf/node_modules/tsx/node_modules/@esbuild/win32-ia32'
247 silly reify ]
248 verbose reify failed optional dependency /Users/jacobmohomutsi/code-projects/pomf/node_modules/tsx/node_modules/@esbuild/win32-arm64
249 silly reify mark deleted [
249 silly reify   '/Users/jacobmohomutsi/code-projects/pomf/node_modules/tsx/node_modules/@esbuild/win32-arm64'
249 silly reify ]
250 verbose reify failed optional dependency /Users/jacobmohomutsi/code-projects/pomf/node_modules/tsx/node_modules/@esbuild/sunos-x64
251 silly reify mark deleted [
251 silly reify   '/Users/jacobmohomutsi/code-projects/pomf/node_modules/tsx/node_modules/@esbuild/sunos-x64'
251 silly reify ]
252 verbose reify failed optional dependency /Users/jacobmohomutsi/code-projects/pomf/node_modules/tsx/node_modules/@esbuild/openharmony-arm64
253 silly reify mark deleted [
253 silly reify   '/Users/jacobmohomutsi/code-projects/pomf/node_modules/tsx/node_modules/@esbuild/openharmony-arm64'
253 silly reify ]
254 verbose reify failed optional dependency /Users/jacobmohomutsi/code-projects/pomf/node_modules/tsx/node_modules/@esbuild/openbsd-x64
255 silly reify mark deleted [
255 silly reify   '/Users/jacobmohomutsi/code-projects/pomf/node_modules/tsx/node_modules/@esbuild/openbsd-x64'
255 silly reify ]
256 verbose reify failed optional dependency /Users/jacobmohomutsi/code-projects/pomf/node_modules/tsx/node_modules/@esbuild/openbsd-arm64
257 silly reify mark deleted [
257 silly reify   '/Users/jacobmohomutsi/code-projects/pomf/node_modules/tsx/node_modules/@esbuild/openbsd-arm64'
257 silly reify ]
258 verbose reify failed optional dependency /Users/jacobmohomutsi/code-projects/pomf/node_modules/tsx/node_modules/@esbuild/netbsd-x64
259 silly reify mark deleted [
259 silly reify   '/Users/jacobmohomutsi/code-projects/pomf/node_modules/tsx/node_modules/@esbuild/netbsd-x64'
259 silly reify ]
260 verbose reify failed optional dependency /Users/jacobmohomutsi/code-projects/pomf/node_modules/tsx/node_modules/@esbuild/netbsd-arm64
261 silly reify mark deleted [
261 silly reify   '/Users/jacobmohomutsi/code-projects/pomf/node_modules/tsx/node_modules/@esbuild/netbsd-arm64'
261 silly reify ]
262 verbose reify failed optional dependency /Users/jacobmohomutsi/code-projects/pomf/node_modules/tsx/node_modules/@esbuild/linux-x64
263 silly reify mark deleted [
263 silly reify   '/Users/jacobmohomutsi/code-projects/pomf/node_modules/tsx/node_modules/@esbuild/linux-x64'
263 silly reify ]
264 verbose reify failed optional dependency /Users/jacobmohomutsi/code-projects/pomf/node_modules/tsx/node_modules/@esbuild/linux-s390x
265 silly reify mark deleted [
265 silly reify   '/Users/jacobmohomutsi/code-projects/pomf/node_modules/tsx/node_modules/@esbuild/linux-s390x'
265 silly reify ]
266 verbose reify failed optional dependency /Users/jacobmohomutsi/code-projects/pomf/node_modules/tsx/node_modules/@esbuild/linux-riscv64
267 silly reify mark deleted [
267 silly reify   '/Users/jacobmohomutsi/code-projects/pomf/node_modules/tsx/node_modules/@esbuild/linux-riscv64'
267 silly reify ]
268 verbose reify failed optional dependency /Users/jacobmohomutsi/code-projects/pomf/node_modules/tsx/node_modules/@esbuild/linux-ppc64
269 silly reify mark deleted [
269 silly reify   '/Users/jacobmohomutsi/code-projects/pomf/node_modules/tsx/node_modules/@esbuild/linux-ppc64'
269 silly reify ]
270 verbose reify failed optional dependency /Users/jacobmohomutsi/code-projects/pomf/node_modules/tsx/node_modules/@esbuild/linux-mips64el
271 silly reify mark deleted [
271 silly reify   '/Users/jacobmohomutsi/code-projects/pomf/node_modules/tsx/node_modules/@esbuild/linux-mips64el'
271 silly reify ]
272 verbose reify failed optional dependency /Users/jacobmohomutsi/code-projects/pomf/node_modules/tsx/node_modules/@esbuild/linux-loong64
273 silly reify mark deleted [
273 silly reify   '/Users/jacobmohomutsi/code-projects/pomf/node_modules/tsx/node_modules/@esbuild/linux-loong64'
273 silly reify ]
274 verbose reify failed optional dependency /Users/jacobmohomutsi/code-projects/pomf/node_modules/tsx/node_modules/@esbuild/linux-ia32
275 silly reify mark deleted [
275 silly reify   '/Users/jacobmohomutsi/code-projects/pomf/node_modules/tsx/node_modules/@esbuild/linux-ia32'
275 silly reify ]
276 verbose reify failed optional dependency /Users/jacobmohomutsi/code-projects/pomf/node_modules/tsx/node_modules/@esbuild/linux-arm64
277 silly reify mark deleted [
277 silly reify   '/Users/jacobmohomutsi/code-projects/pomf/node_modules/tsx/node_modules/@esbuild/linux-arm64'
277 silly reify ]
278 verbose reify failed optional dependency /Users/jacobmohomutsi/code-projects/pomf/node_modules/tsx/node_modules/@esbuild/linux-arm
279 silly reify mark deleted [
279 silly reify   '/Users/jacobmohomutsi/code-projects/pomf/node_modules/tsx/node_modules/@esbuild/linux-arm'
279 silly reify ]
280 verbose reify failed optional dependency /Users/jacobmohomutsi/code-projects/pomf/node_modules/tsx/node_modules/@esbuild/freebsd-x64
281 silly reify mark deleted [
281 silly reify   '/Users/jacobmohomutsi/code-projects/pomf/node_modules/tsx/node_modules/@esbuild/freebsd-x64'
281 silly reify ]
282 verbose reify failed optional dependency /Users/jacobmohomutsi/code-projects/pomf/node_modules/tsx/node_modules/@esbuild/freebsd-arm64
283 silly reify mark deleted [
283 silly reify   '/Users/jacobmohomutsi/code-projects/pomf/node_modules/tsx/node_modules/@esbuild/freebsd-arm64'
283 silly reify ]
284 verbose reify failed optional dependency /Users/jacobmohomutsi/code-projects/pomf/node_modules/tsx/node_modules/@esbuild/darwin-x64
285 silly reify mark deleted [
285 silly reify   '/Users/jacobmohomutsi/code-projects/pomf/node_modules/tsx/node_modules/@esbuild/darwin-x64'
285 silly reify ]
286 verbose reify failed optional dependency /Users/jacobmohomutsi/code-projects/pomf/node_modules/tsx/node_modules/@esbuild/android-x64
287 silly reify mark deleted [
287 silly reify   '/Users/jacobmohomutsi/code-projects/pomf/node_modules/tsx/node_modules/@esbuild/android-x64'
287 silly reify ]
288 verbose reify failed optional dependency /Users/jacobmohomutsi/code-projects/pomf/node_modules/tsx/node_modules/@esbuild/android-arm64
289 silly reify mark deleted [
289 silly reify   '/Users/jacobmohomutsi/code-projects/pomf/node_modules/tsx/node_modules/@esbuild/android-arm64'
289 silly reify ]
290 verbose reify failed optional dependency /Users/jacobmohomutsi/code-projects/pomf/node_modules/tsx/node_modules/@esbuild/android-arm
291 silly reify mark deleted [
291 silly reify   '/Users/jacobmohomutsi/code-projects/pomf/node_modules/tsx/node_modules/@esbuild/android-arm'
291 silly reify ]
292 verbose reify failed optional dependency /Users/jacobmohomutsi/code-projects/pomf/node_modules/tsx/node_modules/@esbuild/aix-ppc64
293 silly reify mark deleted [
293 silly reify   '/Users/jacobmohomutsi/code-projects/pomf/node_modules/tsx/node_modules/@esbuild/aix-ppc64'
293 silly reify ]
294 http fetch POST 200 https://registry.npmjs.org/-/npm/v1/security/advisories/bulk 457ms
295 silly audit report {
295 silly audit report   esbuild: [
295 silly audit report     {
295 silly audit report       id: 1102341,
295 silly audit report       url: 'https://github.com/advisories/GHSA-67mh-4wv8-2f99',
295 silly audit report       title: 'esbuild enables any website to send any requests to the development server and read the response',
295 silly audit report       severity: 'moderate',
295 silly audit report       vulnerable_versions: '<=0.24.2',
295 silly audit report       cwe: [Array],
295 silly audit report       cvss: [Object]
295 silly audit report     }
295 silly audit report   ]
295 silly audit report }
296 silly packumentCache corgi:https://registry.npmjs.org/esbuild cache-miss
297 http cache https://registry.npmjs.org/esbuild 6ms (cache hit)
298 silly packumentCache corgi:https://registry.npmjs.org/esbuild set size:877737 disposed:false
299 silly packumentCache corgi:https://registry.npmjs.org/vite cache-miss
300 http cache https://registry.npmjs.org/vite 4ms (cache hit)
301 silly packumentCache corgi:https://registry.npmjs.org/vite set size:2178388 disposed:false
302 silly packumentCache corgi:https://registry.npmjs.org/vite-node cache-miss
303 silly packumentCache corgi:https://registry.npmjs.org/vitest cache-miss
304 http cache https://registry.npmjs.org/vitest 12ms (cache hit)
305 silly packumentCache corgi:https://registry.npmjs.org/vitest set size:1196334 disposed:false
306 http cache https://registry.npmjs.org/vite-node 18ms (cache hit)
307 silly packumentCache corgi:https://registry.npmjs.org/vite-node set size:452191 disposed:false
308 silly ADD node_modules/lightningcss-win32-x64-msvc
309 silly ADD node_modules/lightningcss-win32-arm64-msvc
310 silly ADD node_modules/lightningcss-linux-x64-musl
311 silly ADD node_modules/lightningcss-linux-x64-gnu
312 silly ADD node_modules/lightningcss-linux-arm64-musl
313 silly ADD node_modules/lightningcss-linux-arm64-gnu
314 silly ADD node_modules/lightningcss-linux-arm-gnueabihf
315 silly ADD node_modules/lightningcss-freebsd-x64
316 silly ADD node_modules/lightningcss-darwin-x64
317 silly ADD node_modules/lightningcss-android-arm64
318 silly ADD node_modules/@tailwindcss/oxide-win32-x64-msvc
319 silly ADD node_modules/@tailwindcss/oxide-win32-arm64-msvc
320 silly ADD node_modules/@tailwindcss/oxide-wasm32-wasi
321 silly ADD node_modules/@tailwindcss/oxide-linux-x64-musl
322 silly ADD node_modules/@tailwindcss/oxide-linux-x64-gnu
323 silly ADD node_modules/@tailwindcss/oxide-linux-arm64-musl
324 silly ADD node_modules/@tailwindcss/oxide-linux-arm64-gnu
325 silly ADD node_modules/@tailwindcss/oxide-linux-arm-gnueabihf
326 silly ADD node_modules/@tailwindcss/oxide-freebsd-x64
327 silly ADD node_modules/@tailwindcss/oxide-darwin-x64
328 silly ADD node_modules/@tailwindcss/oxide-android-arm64
329 silly ADD node_modules/@rollup/rollup-win32-x64-msvc
330 silly ADD node_modules/@rollup/rollup-win32-x64-gnu
331 silly ADD node_modules/@rollup/rollup-win32-ia32-msvc
332 silly ADD node_modules/@rollup/rollup-win32-arm64-msvc
333 silly ADD node_modules/@rollup/rollup-openharmony-arm64
334 silly ADD node_modules/@rollup/rollup-openbsd-x64
335 silly ADD node_modules/@rollup/rollup-linux-x64-musl
336 silly ADD node_modules/@rollup/rollup-linux-x64-gnu
337 silly ADD node_modules/@rollup/rollup-linux-s390x-gnu
338 silly ADD node_modules/@rollup/rollup-linux-riscv64-musl
339 silly ADD node_modules/@rollup/rollup-linux-riscv64-gnu
340 silly ADD node_modules/@rollup/rollup-linux-ppc64-musl
341 silly ADD node_modules/@rollup/rollup-linux-ppc64-gnu
342 silly ADD node_modules/@rollup/rollup-linux-loong64-musl
343 silly ADD node_modules/@rollup/rollup-linux-loong64-gnu
344 silly ADD node_modules/@rollup/rollup-linux-arm64-musl
345 silly ADD node_modules/@rollup/rollup-linux-arm64-gnu
346 silly ADD node_modules/@rollup/rollup-linux-arm-musleabihf
347 silly ADD node_modules/@rollup/rollup-linux-arm-gnueabihf
348 silly ADD node_modules/@rollup/rollup-freebsd-x64
349 silly ADD node_modules/@rollup/rollup-freebsd-arm64
350 silly ADD node_modules/@rollup/rollup-darwin-x64
351 silly ADD node_modules/@rollup/rollup-android-arm64
352 silly ADD node_modules/@rollup/rollup-android-arm-eabi
353 silly ADD node_modules/vite-node/node_modules/@esbuild/win32-x64
354 silly ADD node_modules/vite-node/node_modules/@esbuild/win32-ia32
355 silly ADD node_modules/vite-node/node_modules/@esbuild/win32-arm64
356 silly ADD node_modules/vite-node/node_modules/@esbuild/sunos-x64
357 silly ADD node_modules/vite-node/node_modules/@esbuild/openbsd-x64
358 silly ADD node_modules/vite-node/node_modules/@esbuild/netbsd-x64
359 silly ADD node_modules/vite-node/node_modules/@esbuild/linux-x64
360 silly ADD node_modules/vite-node/node_modules/@esbuild/linux-s390x
361 silly ADD node_modules/vite-node/node_modules/@esbuild/linux-riscv64
362 silly ADD node_modules/vite-node/node_modules/@esbuild/linux-ppc64
363 silly ADD node_modules/vite-node/node_modules/@esbuild/linux-mips64el
364 silly ADD node_modules/vite-node/node_modules/@esbuild/linux-loong64
365 silly ADD node_modules/vite-node/node_modules/@esbuild/linux-ia32
366 silly ADD node_modules/vite-node/node_modules/@esbuild/linux-arm64
367 silly ADD node_modules/vite-node/node_modules/@esbuild/linux-arm
368 silly ADD node_modules/vite-node/node_modules/@esbuild/freebsd-x64
369 silly ADD node_modules/vite-node/node_modules/@esbuild/freebsd-arm64
370 silly ADD node_modules/vite-node/node_modules/@esbuild/darwin-x64
371 silly ADD node_modules/vite-node/node_modules/@esbuild/android-x64
372 silly ADD node_modules/vite-node/node_modules/@esbuild/android-arm64
373 silly ADD node_modules/vite-node/node_modules/@esbuild/android-arm
374 silly ADD node_modules/vite-node/node_modules/@esbuild/aix-ppc64
375 silly ADD node_modules/vite/node_modules/@esbuild/win32-x64
376 silly ADD node_modules/vite/node_modules/@esbuild/win32-ia32
377 silly ADD node_modules/vite/node_modules/@esbuild/win32-arm64
378 silly ADD node_modules/vite/node_modules/@esbuild/sunos-x64
379 silly ADD node_modules/vite/node_modules/@esbuild/openharmony-arm64
380 silly ADD node_modules/vite/node_modules/@esbuild/openbsd-x64
381 silly ADD node_modules/vite/node_modules/@esbuild/openbsd-arm64
382 silly ADD node_modules/vite/node_modules/@esbuild/netbsd-x64
383 silly ADD node_modules/vite/node_modules/@esbuild/netbsd-arm64
384 silly ADD node_modules/vite/node_modules/@esbuild/linux-x64
385 silly ADD node_modules/vite/node_modules/@esbuild/linux-s390x
386 silly ADD node_modules/vite/node_modules/@esbuild/linux-riscv64
387 silly ADD node_modules/vite/node_modules/@esbuild/linux-ppc64
388 silly ADD node_modules/vite/node_modules/@esbuild/linux-mips64el
389 silly ADD node_modules/vite/node_modules/@esbuild/linux-loong64
390 silly ADD node_modules/vite/node_modules/@esbuild/linux-ia32
391 silly ADD node_modules/vite/node_modules/@esbuild/linux-arm64
392 silly ADD node_modules/vite/node_modules/@esbuild/linux-arm
393 silly ADD node_modules/vite/node_modules/@esbuild/freebsd-x64
394 silly ADD node_modules/vite/node_modules/@esbuild/freebsd-arm64
395 silly ADD node_modules/vite/node_modules/@esbuild/darwin-x64
396 silly ADD node_modules/vite/node_modules/@esbuild/android-x64
397 silly ADD node_modules/vite/node_modules/@esbuild/android-arm64
398 silly ADD node_modules/vite/node_modules/@esbuild/android-arm
399 silly ADD node_modules/vite/node_modules/@esbuild/aix-ppc64
400 silly ADD node_modules/vitest/node_modules/@esbuild/win32-x64
401 silly ADD node_modules/vitest/node_modules/@esbuild/win32-ia32
402 silly ADD node_modules/vitest/node_modules/@esbuild/win32-arm64
403 silly ADD node_modules/vitest/node_modules/@esbuild/sunos-x64
404 silly ADD node_modules/vitest/node_modules/@esbuild/openbsd-x64
405 silly ADD node_modules/vitest/node_modules/@esbuild/netbsd-x64
406 silly ADD node_modules/vitest/node_modules/@esbuild/linux-x64
407 silly ADD node_modules/vitest/node_modules/@esbuild/linux-s390x
408 silly ADD node_modules/vitest/node_modules/@esbuild/linux-riscv64
409 silly ADD node_modules/vitest/node_modules/@esbuild/linux-ppc64
410 silly ADD node_modules/vitest/node_modules/@esbuild/linux-mips64el
411 silly ADD node_modules/vitest/node_modules/@esbuild/linux-loong64
412 silly ADD node_modules/vitest/node_modules/@esbuild/linux-ia32
413 silly ADD node_modules/vitest/node_modules/@esbuild/linux-arm64
414 silly ADD node_modules/vitest/node_modules/@esbuild/linux-arm
415 silly ADD node_modules/vitest/node_modules/@esbuild/freebsd-x64
416 silly ADD node_modules/vitest/node_modules/@esbuild/freebsd-arm64
417 silly ADD node_modules/vitest/node_modules/@esbuild/darwin-x64
418 silly ADD node_modules/vitest/node_modules/@esbuild/android-x64
419 silly ADD node_modules/vitest/node_modules/@esbuild/android-arm64
420 silly ADD node_modules/vitest/node_modules/@esbuild/android-arm
421 silly ADD node_modules/vitest/node_modules/@esbuild/aix-ppc64
422 silly ADD node_modules/tsx/node_modules/@esbuild/win32-x64
423 silly ADD node_modules/tsx/node_modules/@esbuild/win32-ia32
424 silly ADD node_modules/tsx/node_modules/@esbuild/win32-arm64
425 silly ADD node_modules/tsx/node_modules/@esbuild/sunos-x64
426 silly ADD node_modules/tsx/node_modules/@esbuild/openharmony-arm64
427 silly ADD node_modules/tsx/node_modules/@esbuild/openbsd-x64
428 silly ADD node_modules/tsx/node_modules/@esbuild/openbsd-arm64
429 silly ADD node_modules/tsx/node_modules/@esbuild/netbsd-x64
430 silly ADD node_modules/tsx/node_modules/@esbuild/netbsd-arm64
431 silly ADD node_modules/tsx/node_modules/@esbuild/linux-x64
432 silly ADD node_modules/tsx/node_modules/@esbuild/linux-s390x
433 silly ADD node_modules/tsx/node_modules/@esbuild/linux-riscv64
434 silly ADD node_modules/tsx/node_modules/@esbuild/linux-ppc64
435 silly ADD node_modules/tsx/node_modules/@esbuild/linux-mips64el
436 silly ADD node_modules/tsx/node_modules/@esbuild/linux-loong64
437 silly ADD node_modules/tsx/node_modules/@esbuild/linux-ia32
438 silly ADD node_modules/tsx/node_modules/@esbuild/linux-arm64
439 silly ADD node_modules/tsx/node_modules/@esbuild/linux-arm
440 silly ADD node_modules/tsx/node_modules/@esbuild/freebsd-x64
441 silly ADD node_modules/tsx/node_modules/@esbuild/freebsd-arm64
442 silly ADD node_modules/tsx/node_modules/@esbuild/darwin-x64
443 silly ADD node_modules/tsx/node_modules/@esbuild/android-x64
444 silly ADD node_modules/tsx/node_modules/@esbuild/android-arm64
445 silly ADD node_modules/tsx/node_modules/@esbuild/android-arm
446 silly ADD node_modules/tsx/node_modules/@esbuild/aix-ppc64
447 verbose cwd /Users/jacobmohomutsi/code-projects/pomf
448 verbose os Darwin 24.6.0
449 verbose node v24.7.0
450 verbose npm  v11.5.1
451 verbose exit 0
452 info ok
